// Jest Snapshot v1, https://jestjs.io/docs/snapshot-testing

exports[`registry report matches the committed snapshot 1`] = `
{
  "byClassification": {
    "confirmed": 7,
    "estimated": 22,
    "incomplete": 0,
    "operational": 21,
    "unavailable": 9,
  },
  "byGuard": {
    "anomaly": 0,
    "comparison": 4,
    "none": 46,
    "ranking": 5,
    "staff_comparison": 4,
  },
  "byTab": {
    "dashboard": 23,
    "expenses": 1,
    "kpiStrip": 6,
    "productUsage": 9,
    "sales": 1,
    "services": 10,
    "staffPerformance": 9,
  },
  "generatedFor": "salon-performance-dashboard",
  "metrics": [
    {
      "blockedReason": null,
      "classification": "operational",
      "dataOrigin": "crm_customers",
      "dateField": null,
      "duplicateLocations": [],
      "guard": "none",
      "id": "dashboard.activeClientBase",
      "kind": "kpi",
      "label": "Active Client Base",
      "minimumSample": 1,
      "tab": "dashboard",
    },
    {
      "blockedReason": null,
      "classification": "estimated",
      "dataOrigin": "crm_appointments",
      "dateField": "appointment.startTime",
      "duplicateLocations": [
        "staffPerformance",
        "services",
      ],
      "guard": "none",
      "id": "dashboard.bookedServiceValue",
      "kind": "card",
      "label": "Booked Service Value",
      "minimumSample": 1,
      "tab": "dashboard",
    },
    {
      "blockedReason": null,
      "classification": "estimated",
      "dataOrigin": "crm_services_catalog",
      "dateField": "appointment.startTime",
      "duplicateLocations": [
        "services",
      ],
      "guard": "none",
      "id": "dashboard.estMaterialCost",
      "kind": "card",
      "label": "Est. Material Cost",
      "minimumSample": 1,
      "tab": "dashboard",
    },
    {
      "blockedReason": null,
      "classification": "estimated",
      "dataOrigin": "crm_reweigh_outcomes",
      "dateField": "reweighOutcome.recordedAt",
      "duplicateLocations": [],
      "guard": "none",
      "id": "dashboard.extraChargeRevenue",
      "kind": "card",
      "label": "Extra Charge Revenue",
      "minimumSample": 1,
      "tab": "dashboard",
    },
    {
      "blockedReason": null,
      "classification": "estimated",
      "dataOrigin": "derived",
      "dateField": "appointment.startTime",
      "duplicateLocations": [],
      "guard": "none",
      "id": "dashboard.grossProfitPerVisit",
      "kind": "card",
      "label": "Gross Profit / Visit",
      "minimumSample": 1,
      "tab": "dashboard",
    },
    {
      "blockedReason": null,
      "classification": "estimated",
      "dataOrigin": "derived",
      "dateField": "appointment.startTime",
      "duplicateLocations": [],
      "guard": "none",
      "id": "dashboard.materialCostPerVisit",
      "kind": "card",
      "label": "Material Cost / Visit",
      "minimumSample": 1,
      "tab": "dashboard",
    },
    {
      "blockedReason": null,
      "classification": "estimated",
      "dataOrigin": "crm_reweigh_outcomes",
      "dateField": "reweighOutcome.recordedAt",
      "duplicateLocations": [],
      "guard": "none",
      "id": "dashboard.mixOptimizationSavings",
      "kind": "card",
      "label": "Mix Optimization Savings",
      "minimumSample": 1,
      "tab": "dashboard",
    },
    {
      "blockedReason": null,
      "classification": "confirmed",
      "dataOrigin": "crm_product_usage",
      "dateField": "productUsage.recordedAt",
      "duplicateLocations": [
        "productUsage",
      ],
      "guard": "ranking",
      "id": "dashboard.mostUsedProducts",
      "kind": "ranking",
      "label": "Most Used Products (ranking)",
      "minimumSample": 2,
      "tab": "dashboard",
    },
    {
      "blockedReason": "Net profit requires confirmed checkout revenue and the Expenses module; neither is connected.",
      "classification": "unavailable",
      "dataOrigin": "none",
      "dateField": null,
      "duplicateLocations": [],
      "guard": "none",
      "id": "dashboard.netProfit",
      "kind": "card",
      "label": "Net Profit",
      "minimumSample": 0,
      "tab": "dashboard",
    },
    {
      "blockedReason": null,
      "classification": "operational",
      "dataOrigin": "crm_customers",
      "dateField": "customer.createdAt",
      "duplicateLocations": [],
      "guard": "none",
      "id": "dashboard.newClientAcquisition",
      "kind": "kpi",
      "label": "New Client Acquisition",
      "minimumSample": 1,
      "tab": "dashboard",
    },
    {
      "blockedReason": "Expenses module is not connected; operating overhead has no live source.",
      "classification": "unavailable",
      "dataOrigin": "none",
      "dateField": null,
      "duplicateLocations": [],
      "guard": "none",
      "id": "dashboard.operatingOverhead",
      "kind": "card",
      "label": "Operating Overhead",
      "minimumSample": 0,
      "tab": "dashboard",
    },
    {
      "blockedReason": "Per-visit sparklines and 'vs last month' deltas are synthetic (TREND_SHAPE); no confirmed comparison source exists.",
      "classification": "unavailable",
      "dataOrigin": "none",
      "dateField": null,
      "duplicateLocations": [],
      "guard": "comparison",
      "id": "dashboard.perVisitTrend",
      "kind": "series",
      "label": "Per-visit trend (sparkline / vs last month)",
      "minimumSample": 2,
      "tab": "dashboard",
    },
    {
      "blockedReason": null,
      "classification": "operational",
      "dataOrigin": "crm_appointments",
      "dateField": "appointment.startTime",
      "duplicateLocations": [],
      "guard": "none",
      "id": "dashboard.revenueAppointmentsTrend.appointments",
      "kind": "series",
      "label": "Appointments trend (series)",
      "minimumSample": 1,
      "tab": "dashboard",
    },
    {
      "blockedReason": null,
      "classification": "estimated",
      "dataOrigin": "derived",
      "dateField": "appointment.startTime",
      "duplicateLocations": [],
      "guard": "none",
      "id": "dashboard.revenueAppointmentsTrend.revenue",
      "kind": "series",
      "label": "Revenue trend (series)",
      "minimumSample": 1,
      "tab": "dashboard",
    },
    {
      "blockedReason": null,
      "classification": "estimated",
      "dataOrigin": "derived",
      "dateField": "appointment.startTime",
      "duplicateLocations": [
        "services",
      ],
      "guard": "none",
      "id": "dashboard.revenueByCategory",
      "kind": "chart",
      "label": "Revenue by Category",
      "minimumSample": 1,
      "tab": "dashboard",
    },
    {
      "blockedReason": null,
      "classification": "estimated",
      "dataOrigin": "derived",
      "dateField": "appointment.startTime",
      "duplicateLocations": [],
      "guard": "none",
      "id": "dashboard.revenuePerVisit",
      "kind": "card",
      "label": "Revenue / Visit",
      "minimumSample": 1,
      "tab": "dashboard",
    },
    {
      "blockedReason": null,
      "classification": "operational",
      "dataOrigin": "crm_mix_sessions",
      "dateField": "reweighOutcome.recordedAt",
      "duplicateLocations": [],
      "guard": "none",
      "id": "dashboard.reweighDetail",
      "kind": "kpi",
      "label": "Re-weigh detail (mixes reweighed)",
      "minimumSample": 1,
      "tab": "dashboard",
    },
    {
      "blockedReason": null,
      "classification": "confirmed",
      "dataOrigin": "crm_reweigh_outcomes",
      "dateField": "reweighOutcome.recordedAt",
      "duplicateLocations": [],
      "guard": "none",
      "id": "dashboard.savedGramsDirect",
      "kind": "kpi",
      "label": "Re-weigh saved grams",
      "minimumSample": 1,
      "tab": "dashboard",
    },
    {
      "blockedReason": null,
      "classification": "operational",
      "dataOrigin": "crm_appointments",
      "dateField": "appointment.startTime",
      "duplicateLocations": [
        "services",
      ],
      "guard": "none",
      "id": "dashboard.serviceVolume",
      "kind": "kpi",
      "label": "Service Volume",
      "minimumSample": 1,
      "tab": "dashboard",
    },
    {
      "blockedReason": null,
      "classification": "estimated",
      "dataOrigin": "crm_staff",
      "dateField": "appointment.startTime",
      "duplicateLocations": [
        "staffPerformance",
        "kpiStrip",
      ],
      "guard": "staff_comparison",
      "id": "dashboard.topPerformers",
      "kind": "ranking",
      "label": "Top Performers (ranking)",
      "minimumSample": 2,
      "tab": "dashboard",
    },
    {
      "blockedReason": null,
      "classification": "estimated",
      "dataOrigin": "derived",
      "dateField": "appointment.startTime",
      "duplicateLocations": [],
      "guard": "ranking",
      "id": "dashboard.topProfitService",
      "kind": "ranking",
      "label": "Top Profit Service",
      "minimumSample": 2,
      "tab": "dashboard",
    },
    {
      "blockedReason": null,
      "classification": "estimated",
      "dataOrigin": "derived",
      "dateField": "appointment.startTime",
      "duplicateLocations": [],
      "guard": "ranking",
      "id": "dashboard.topRevenueService",
      "kind": "ranking",
      "label": "Top Revenue Service",
      "minimumSample": 2,
      "tab": "dashboard",
    },
    {
      "blockedReason": null,
      "classification": "operational",
      "dataOrigin": "crm_appointments",
      "dateField": "appointment.startTime",
      "duplicateLocations": [
        "services",
      ],
      "guard": "ranking",
      "id": "dashboard.topServices",
      "kind": "ranking",
      "label": "Top Services (ranking)",
      "minimumSample": 2,
      "tab": "dashboard",
    },
    {
      "blockedReason": "Operating expenses have no live source; they arrive with the Expenses module.",
      "classification": "unavailable",
      "dataOrigin": "none",
      "dateField": null,
      "duplicateLocations": [],
      "guard": "none",
      "id": "expenses.operating",
      "kind": "card",
      "label": "Operating expenses",
      "minimumSample": 0,
      "tab": "expenses",
    },
    {
      "blockedReason": null,
      "classification": "operational",
      "dataOrigin": "crm_inventory",
      "dateField": null,
      "duplicateLocations": [],
      "guard": "none",
      "id": "kpiStrip.inventoryHealth",
      "kind": "kpi",
      "label": "Inventory health",
      "minimumSample": 1,
      "tab": "kpiStrip",
    },
    {
      "blockedReason": null,
      "classification": "operational",
      "dataOrigin": "crm_appointments",
      "dateField": "appointment.startTime",
      "duplicateLocations": [],
      "guard": "none",
      "id": "kpiStrip.liveAppointments",
      "kind": "kpi",
      "label": "Live appointments",
      "minimumSample": 1,
      "tab": "kpiStrip",
    },
    {
      "blockedReason": null,
      "classification": "operational",
      "dataOrigin": "crm_inventory",
      "dateField": null,
      "duplicateLocations": [],
      "guard": "none",
      "id": "kpiStrip.lowStockCount",
      "kind": "badge",
      "label": "Items below min stock",
      "minimumSample": 1,
      "tab": "kpiStrip",
    },
    {
      "blockedReason": null,
      "classification": "operational",
      "dataOrigin": "crm_reweigh_outcomes",
      "dateField": "mixSession.startedAt",
      "duplicateLocations": [],
      "guard": "none",
      "id": "kpiStrip.reweighAdoption",
      "kind": "kpi",
      "label": "Reweigh adoption",
      "minimumSample": 1,
      "tab": "kpiStrip",
    },
    {
      "blockedReason": null,
      "classification": "estimated",
      "dataOrigin": "crm_reweigh_outcomes",
      "dateField": "reweighOutcome.recordedAt",
      "duplicateLocations": [],
      "guard": "none",
      "id": "kpiStrip.reweighSavings",
      "kind": "kpi",
      "label": "Reweigh savings",
      "minimumSample": 1,
      "tab": "kpiStrip",
    },
    {
      "blockedReason": null,
      "classification": "estimated",
      "dataOrigin": "crm_staff",
      "dateField": "appointment.startTime",
      "duplicateLocations": [
        "dashboard",
        "staffPerformance",
      ],
      "guard": "staff_comparison",
      "id": "kpiStrip.topPerformer",
      "kind": "ranking",
      "label": "Top performer",
      "minimumSample": 2,
      "tab": "kpiStrip",
    },
    {
      "blockedReason": null,
      "classification": "operational",
      "dataOrigin": "crm_product_usage",
      "dateField": "productUsage.recordedAt",
      "duplicateLocations": [],
      "guard": "none",
      "id": "productUsage.categories",
      "kind": "kpi",
      "label": "Categories",
      "minimumSample": 1,
      "tab": "productUsage",
    },
    {
      "blockedReason": null,
      "classification": "estimated",
      "dataOrigin": "derived",
      "dateField": "productUsage.recordedAt",
      "duplicateLocations": [],
      "guard": "none",
      "id": "productUsage.costByCategory",
      "kind": "chart",
      "label": "Cost by Category",
      "minimumSample": 1,
      "tab": "productUsage",
    },
    {
      "blockedReason": null,
      "classification": "confirmed",
      "dataOrigin": "crm_product_usage",
      "dateField": "productUsage.recordedAt",
      "duplicateLocations": [],
      "guard": "none",
      "id": "productUsage.inventoryTable",
      "kind": "table",
      "label": "Product Inventory table",
      "minimumSample": 1,
      "tab": "productUsage",
    },
    {
      "blockedReason": null,
      "classification": "operational",
      "dataOrigin": "crm_inventory",
      "dateField": null,
      "duplicateLocations": [],
      "guard": "none",
      "id": "productUsage.lowStockAlerts",
      "kind": "badge",
      "label": "Low Stock Alerts",
      "minimumSample": 1,
      "tab": "productUsage",
    },
    {
      "blockedReason": null,
      "classification": "confirmed",
      "dataOrigin": "crm_product_usage",
      "dateField": "productUsage.recordedAt",
      "duplicateLocations": [],
      "guard": "none",
      "id": "productUsage.monthlyUsageTrend",
      "kind": "chart",
      "label": "Monthly Usage Trend",
      "minimumSample": 1,
      "tab": "productUsage",
    },
    {
      "blockedReason": null,
      "classification": "confirmed",
      "dataOrigin": "crm_product_usage",
      "dateField": "productUsage.recordedAt",
      "duplicateLocations": [],
      "guard": "none",
      "id": "productUsage.totalProductCost",
      "kind": "kpi",
      "label": "Total Product Cost",
      "minimumSample": 1,
      "tab": "productUsage",
    },
    {
      "blockedReason": null,
      "classification": "confirmed",
      "dataOrigin": "crm_product_usage",
      "dateField": "productUsage.recordedAt",
      "duplicateLocations": [],
      "guard": "none",
      "id": "productUsage.totalUsage",
      "kind": "kpi",
      "label": "Total Usage (g)",
      "minimumSample": 1,
      "tab": "productUsage",
    },
    {
      "blockedReason": "Product trend has no confirmed comparison source; the value is a hard-coded 0.",
      "classification": "unavailable",
      "dataOrigin": "none",
      "dateField": null,
      "duplicateLocations": [],
      "guard": "comparison",
      "id": "productUsage.trend",
      "kind": "badge",
      "label": "Product trend column",
      "minimumSample": 2,
      "tab": "productUsage",
    },
    {
      "blockedReason": null,
      "classification": "confirmed",
      "dataOrigin": "crm_product_usage",
      "dateField": "productUsage.recordedAt",
      "duplicateLocations": [],
      "guard": "none",
      "id": "productUsage.usageByCategory",
      "kind": "chart",
      "label": "Usage by Category (pie)",
      "minimumSample": 1,
      "tab": "productUsage",
    },
    {
      "blockedReason": "Retail sales have no live source; they arrive with Checkout / POS.",
      "classification": "unavailable",
      "dataOrigin": "none",
      "dateField": null,
      "duplicateLocations": [],
      "guard": "none",
      "id": "sales.retail",
      "kind": "card",
      "label": "Retail sales",
      "minimumSample": 0,
      "tab": "sales",
    },
    {
      "blockedReason": null,
      "classification": "estimated",
      "dataOrigin": "crm_services_catalog",
      "dateField": "appointment.startTime",
      "duplicateLocations": [],
      "guard": "none",
      "id": "services.allServicesTable",
      "kind": "table",
      "label": "All Services table",
      "minimumSample": 1,
      "tab": "services",
    },
    {
      "blockedReason": null,
      "classification": "estimated",
      "dataOrigin": "crm_services_catalog",
      "dateField": null,
      "duplicateLocations": [],
      "guard": "none",
      "id": "services.avgMaterialCost",
      "kind": "kpi",
      "label": "Avg Material Cost",
      "minimumSample": 1,
      "tab": "services",
    },
    {
      "blockedReason": null,
      "classification": "estimated",
      "dataOrigin": "derived",
      "dateField": "appointment.startTime",
      "duplicateLocations": [
        "dashboard",
      ],
      "guard": "none",
      "id": "services.bookedRevenue",
      "kind": "kpi",
      "label": "Booked Revenue (est.)",
      "minimumSample": 1,
      "tab": "services",
    },
    {
      "blockedReason": null,
      "classification": "operational",
      "dataOrigin": "crm_appointments",
      "dateField": "appointment.startTime",
      "duplicateLocations": [],
      "guard": "none",
      "id": "services.categoryBreakdown",
      "kind": "chart",
      "label": "Service Categories",
      "minimumSample": 1,
      "tab": "services",
    },
    {
      "blockedReason": null,
      "classification": "operational",
      "dataOrigin": "crm_appointments",
      "dateField": "appointment.startTime",
      "duplicateLocations": [],
      "guard": "none",
      "id": "services.monthlyServiceVolume",
      "kind": "chart",
      "label": "Monthly Service Volume (stacked)",
      "minimumSample": 1,
      "tab": "services",
    },
    {
      "blockedReason": null,
      "classification": "estimated",
      "dataOrigin": "derived",
      "dateField": "appointment.startTime",
      "duplicateLocations": [
        "dashboard",
      ],
      "guard": "none",
      "id": "services.revenueByCategory",
      "kind": "chart",
      "label": "Revenue by Category",
      "minimumSample": 1,
      "tab": "services",
    },
    {
      "blockedReason": null,
      "classification": "operational",
      "dataOrigin": "crm_appointments",
      "dateField": "appointment.startTime",
      "duplicateLocations": [],
      "guard": "none",
      "id": "services.serviceMix",
      "kind": "chart",
      "label": "Service Mix (pie)",
      "minimumSample": 1,
      "tab": "services",
    },
    {
      "blockedReason": null,
      "classification": "operational",
      "dataOrigin": "crm_appointments",
      "dateField": "appointment.startTime",
      "duplicateLocations": [],
      "guard": "ranking",
      "id": "services.topCategory",
      "kind": "ranking",
      "label": "Top Category",
      "minimumSample": 2,
      "tab": "services",
    },
    {
      "blockedReason": null,
      "classification": "operational",
      "dataOrigin": "crm_appointments",
      "dateField": "appointment.startTime",
      "duplicateLocations": [
        "dashboard",
      ],
      "guard": "none",
      "id": "services.totalServices",
      "kind": "kpi",
      "label": "Total Services",
      "minimumSample": 1,
      "tab": "services",
    },
    {
      "blockedReason": "Service trend has no confirmed comparison source; the value is a hard-coded 0.",
      "classification": "unavailable",
      "dataOrigin": "none",
      "dateField": null,
      "duplicateLocations": [],
      "guard": "comparison",
      "id": "services.trend",
      "kind": "badge",
      "label": "Service trend column",
      "minimumSample": 2,
      "tab": "services",
    },
    {
      "blockedReason": null,
      "classification": "operational",
      "dataOrigin": "crm_appointments",
      "dateField": "appointment.startTime",
      "duplicateLocations": [],
      "guard": "staff_comparison",
      "id": "staffPerformance.appointmentsByStaff",
      "kind": "chart",
      "label": "Appointments by Staff (chart)",
      "minimumSample": 2,
      "tab": "staffPerformance",
    },
    {
      "blockedReason": "Staff rating has no live customer-feedback source; the seeded value is not a real metric.",
      "classification": "unavailable",
      "dataOrigin": "none",
      "dateField": null,
      "duplicateLocations": [],
      "guard": "none",
      "id": "staffPerformance.avgRating",
      "kind": "kpi",
      "label": "Avg Rating",
      "minimumSample": 0,
      "tab": "staffPerformance",
    },
    {
      "blockedReason": null,
      "classification": "operational",
      "dataOrigin": "crm_appointments",
      "dateField": "appointment.startTime",
      "duplicateLocations": [],
      "guard": "none",
      "id": "staffPerformance.avgUtilization",
      "kind": "kpi",
      "label": "Avg Utilization",
      "minimumSample": 1,
      "tab": "staffPerformance",
    },
    {
      "blockedReason": null,
      "classification": "estimated",
      "dataOrigin": "derived",
      "dateField": "appointment.startTime",
      "duplicateLocations": [
        "dashboard",
      ],
      "guard": "none",
      "id": "staffPerformance.bookedRevenue",
      "kind": "kpi",
      "label": "Booked Revenue (est.)",
      "minimumSample": 1,
      "tab": "staffPerformance",
    },
    {
      "blockedReason": null,
      "classification": "operational",
      "dataOrigin": "crm_appointments",
      "dateField": "appointment.startTime",
      "duplicateLocations": [],
      "guard": "none",
      "id": "staffPerformance.monthlyAppointments",
      "kind": "chart",
      "label": "Monthly Appointments (chart)",
      "minimumSample": 1,
      "tab": "staffPerformance",
    },
    {
      "blockedReason": null,
      "classification": "estimated",
      "dataOrigin": "derived",
      "dateField": "appointment.startTime",
      "duplicateLocations": [],
      "guard": "staff_comparison",
      "id": "staffPerformance.staffRank",
      "kind": "ranking",
      "label": "Staff rank",
      "minimumSample": 2,
      "tab": "staffPerformance",
    },
    {
      "blockedReason": null,
      "classification": "estimated",
      "dataOrigin": "crm_staff",
      "dateField": "appointment.startTime",
      "duplicateLocations": [],
      "guard": "none",
      "id": "staffPerformance.staffTable",
      "kind": "table",
      "label": "Staff Performance table",
      "minimumSample": 1,
      "tab": "staffPerformance",
    },
    {
      "blockedReason": null,
      "classification": "operational",
      "dataOrigin": "crm_appointments",
      "dateField": "appointment.startTime",
      "duplicateLocations": [],
      "guard": "none",
      "id": "staffPerformance.totalAppointments",
      "kind": "kpi",
      "label": "Total Appointments",
      "minimumSample": 1,
      "tab": "staffPerformance",
    },
    {
      "blockedReason": "Staff trend has no confirmed comparison source; the value is a hard-coded 0.",
      "classification": "unavailable",
      "dataOrigin": "none",
      "dateField": null,
      "duplicateLocations": [],
      "guard": "comparison",
      "id": "staffPerformance.trend",
      "kind": "badge",
      "label": "Staff trend column",
      "minimumSample": 2,
      "tab": "staffPerformance",
    },
  ],
  "totalMetrics": 59,
  "version": "1.0.0",
}
`;
